// Bun Snapshot v1, https://goo.gl/fbAQLP

exports[`macros should not lead to seg faults under any given input`] = `
"error: "Cannot convert argument type to JS" error in macro

fn(\`Â©\${''}\`);
^
[dir]/index.ts:2:1 55"
`;
